00000000000000000000000001010000
11111111111111111111011100011111
11111010001010110011110001111111
