00000000000000000000000000000000
00000000000000000000000000000001
00000000000000000000000000000010
00000000000000000000000000000011
00000000000000000000000000000100
00000000000000000000000000000101
00000000000000000000000000000110
00000000000000000000000000000111
00000000000000000000000000001000
00000000000000000000000000001001
01111111111111111111111111111111
--------------------------------
00000000000000000000000000000000
11111111111111111111111111111111
11111111111111111111111111111110
11111111111111111111111111111101
11111111111111111111111111111100
11111111111111111111111111111011
11111111111111111111111111111010
11111111111111111111111111111001
11111111111111111111111111111000
11111111111111111111111111110111
10000000000000000000000000000000
